// Jest Snapshot v1, https://goo.gl/fbAQLP

exports[`<App /> renders the correct html output 1`] = `"<div class=\\"wrapper\\"><div class=\\"screen\\"><div style=\\"display: inline-block; white-space: nowrap;\\">0</div></div><div class=\\"buttonBox\\"><button data-testid=\\"button\\" class=\\"clear button\\">C</button><button data-testid=\\"button\\" class=\\"invert button\\">+-</button><button data-testid=\\"button\\" class=\\"persent button\\">%</button><button data-testid=\\"button\\" class=\\"opt button\\">/</button><button data-testid=\\"button\\" class=\\"num button\\">7</button><button data-testid=\\"button\\" class=\\"num button\\">8</button><button data-testid=\\"button\\" class=\\"num button\\">9</button><button data-testid=\\"button\\" class=\\"opt button\\">x</button><button data-testid=\\"button\\" class=\\"num button\\">4</button><button data-testid=\\"button\\" class=\\"num button\\">5</button><button data-testid=\\"button\\" class=\\"num button\\">6</button><button data-testid=\\"button\\" class=\\"opt button\\">-</button><button data-testid=\\"button\\" class=\\"num button\\">1</button><button data-testid=\\"button\\" class=\\"num button\\">2</button><button data-testid=\\"button\\" class=\\"num button\\">3</button><button data-testid=\\"button\\" class=\\"opt button\\">+</button><button data-testid=\\"button\\" class=\\"num button\\">0</button><button data-testid=\\"button\\" class=\\"comma button\\">.</button><button data-testid=\\"button\\" class=\\"equals button\\">=</button></div></div>"`;
