// Jest Snapshot v1, https://goo.gl/fbAQLP

exports[`<Wrapper /> renders the correct html output 1`] = `"<button data-testid=\\"button\\" class=\\"equals button\\">=</button>"`;
