// Jest Snapshot v1, https://goo.gl/fbAQLP

exports[`<ButtonBox /> renders the correct html output 1`] = `"<div class=\\"buttonBox\\"></div>"`;
