// Jest Snapshot v1, https://goo.gl/fbAQLP

exports[`<Wrapper /> renders the correct html output 1`] = `"<div class=\\"wrapper\\"></div>"`;
